{"synthetic": false,
 "schemaVersion": "2025-09-10",
 "outputs": null,
 "log":
 [{"message":
   ".> ELAN=elan ELAN_HOME=/home/runner/.elan ELAN_TOOLCHAIN=leanprover/lean4:v4.35.0-rc2 LAKE=/home/runner/.elan/toolchains/leanprover--lean4---v4.35.0-rc2/bin/lake LAKE_HOME=/home/runner/.elan/toolchains/leanprover--lean4---v4.35.0-rc2 LAKE_CONFIG=/home/runner/.lake/config.toml LAKE_PKG_URL_MAP={} LAKE_NO_CACHE=false LAKE_CACHE_KEY= LAKE_CACHE_ARTIFACT_ENDPOINT= LAKE_CACHE_REVISION_ENDPOINT= LAKE_CACHE_SERVICE= LEAN=/home/runner/.elan/toolchains/leanprover--lean4---v4.35.0-rc2/bin/lean LEAN_SYSROOT=/home/runner/.elan/toolchains/leanprover--lean4---v4.35.0-rc2 LEAN_AR=/home/runner/.elan/toolchains/leanprover--lean4---v4.35.0-rc2/bin/llvm-ar LEAN_CC= LAKE_CACHE_DIR=/home/runner/.elan/toolchains/leanprover--lean4---v4.35.0-rc2/lake/cache LAKE_ARTIFACT_CACHE= LAKE_RESTORE_ARTIFACTS= LEAN_PATH=/home/runner/work/batteries/batteries/.lake/packages/MD4Lean/.lake/build/lib/lean:/home/runner/work/batteries/batteries/.lake/packages/BibtexQuery/.lake/build/lib/lean:/home/runner/work/batteries/batteries/.lake/packages/UnicodeBasic/.lake/build/lib/lean:/home/runner/work/batteries/batteries/.lake/packages/Cli/.lake/build/lib/lean:/home/runner/work/batteries/batteries/.lake/packages/leansqlite/.lake/build/lib/lean:/home/runner/work/batteries/batteries/.lake/packages/doc-gen4/.lake/build/lib/lean:/home/runner/work/batteries/batteries/.lake/build/lib/lean:/home/runner/work/batteries/batteries/docs/lib/lean:/home/runner/.elan/toolchains/leanprover--lean4---v4.35.0-rc2/lib/lean LEAN_SRC_PATH=/home/runner/work/batteries/batteries/.lake/packages/MD4Lean:/home/runner/work/batteries/batteries/.lake/packages/MD4Lean:/home/runner/work/batteries/batteries/.lake/packages/BibtexQuery:/home/runner/work/batteries/batteries/.lake/packages/UnicodeBasic:/home/runner/work/batteries/batteries/.lake/packages/Cli:/home/runner/work/batteries/batteries/.lake/packages/Cli:/home/runner/work/batteries/batteries/.lake/packages/leansqlite:/home/runner/work/batteries/batteries/.lake/packages/doc-gen4:/home/runner/work/batteries/batteries:/home/runner/work/batteries/batteries:/home/runner/.elan/toolchains/leanprover--lean4---v4.35.0-rc2/src/lean/lake LEAN_GITHASH=11acb17ec6b07a8f9e9173e6845197929540936b PATH LD_LIBRARY_PATH=/home/runner/.elan/toolchains/leanprover--lean4---v4.35.0-rc2/lib/lean:/home/runner/.elan/toolchains/leanprover--lean4---v4.35.0-rc2/lib:/home/runner/work/batteries/batteries/docs/lib:/home/runner/work/batteries/batteries/.lake/build/lib:/home/runner/work/batteries/batteries/.lake/packages/doc-gen4/.lake/build/lib:/home/runner/work/batteries/batteries/.lake/packages/leansqlite/.lake/build/lib:/home/runner/work/batteries/batteries/.lake/packages/Cli/.lake/build/lib:/home/runner/work/batteries/batteries/.lake/packages/UnicodeBasic/.lake/build/lib:/home/runner/work/batteries/batteries/.lake/packages/BibtexQuery/.lake/build/lib:/home/runner/work/batteries/batteries/.lake/packages/MD4Lean/.lake/build/lib /home/runner/work/batteries/batteries/.lake/packages/doc-gen4/.lake/build/bin/doc-gen4 single --build /home/runner/work/batteries/batteries/docs Batteries.Data.Fin.Fold api-docs.db https://github.com/leanprover-community/batteries/blob/ed9b316aabe389fec1ef43c3326ab48c7e59be42/Batteries/Data/Fin/Fold.lean",
   "level": "trace"}],
 "inputs":
 [["<nil>", "e0ef540168b1a2cd"],
  ["<collection>",
   [["/home/runner/work/batteries/batteries/docs/doc-data/Batteries.Tactic.Alias.doc",
     "21c42906adea99f5"],
    ["/home/runner/work/batteries/batteries/docs/doc-data/Batteries.Data.Fin.Basic.doc",
     "21c42906adea99f5"]]],
  ["/home/runner/work/batteries/batteries/docs/doc-data/references.json",
   "16fb262bc340d332"],
  ["/home/runner/work/batteries/batteries/.lake/packages/doc-gen4/.lake/build/bin/doc-gen4",
   "8f1588cd78e20e4e"],
  ["Batteries.Data.Fin.Fold", "1b39db6d96dbcea2"]],
 "depHash": "3db319489fa22e3a"}