{"synthetic": false,
 "schemaVersion": "2025-09-10",
 "outputs": null,
 "log":
 [{"message":
   ".> ELAN=elan ELAN_HOME=/home/runner/.elan ELAN_TOOLCHAIN=leanprover/lean4:v4.35.0-rc3 LAKE=/home/runner/.elan/toolchains/leanprover--lean4---v4.35.0-rc3/bin/lake LAKE_HOME=/home/runner/.elan/toolchains/leanprover--lean4---v4.35.0-rc3 LAKE_CONFIG=/home/runner/.lake/config.toml LAKE_PKG_URL_MAP={} LAKE_NO_CACHE=false LAKE_CACHE_KEY= LAKE_CACHE_ARTIFACT_ENDPOINT= LAKE_CACHE_REVISION_ENDPOINT= LAKE_CACHE_SERVICE= LEAN=/home/runner/.elan/toolchains/leanprover--lean4---v4.35.0-rc3/bin/lean LEAN_SYSROOT=/home/runner/.elan/toolchains/leanprover--lean4---v4.35.0-rc3 LEAN_AR=/home/runner/.elan/toolchains/leanprover--lean4---v4.35.0-rc3/bin/llvm-ar LEAN_CC= LAKE_CACHE_DIR=/home/runner/.elan/toolchains/leanprover--lean4---v4.35.0-rc3/lake/cache LAKE_ARTIFACT_CACHE= LAKE_RESTORE_ARTIFACTS= LEAN_PATH=/home/runner/work/batteries/batteries/.lake/packages/MD4Lean/.lake/build/lib/lean:/home/runner/work/batteries/batteries/.lake/packages/BibtexQuery/.lake/build/lib/lean:/home/runner/work/batteries/batteries/.lake/packages/UnicodeBasic/.lake/build/lib/lean:/home/runner/work/batteries/batteries/.lake/packages/Cli/.lake/build/lib/lean:/home/runner/work/batteries/batteries/.lake/packages/leansqlite/.lake/build/lib/lean:/home/runner/work/batteries/batteries/.lake/packages/doc-gen4/.lake/build/lib/lean:/home/runner/work/batteries/batteries/.lake/build/lib/lean:/home/runner/work/batteries/batteries/docs/lib/lean:/home/runner/.elan/toolchains/leanprover--lean4---v4.35.0-rc3/lib/lean LEAN_SRC_PATH=/home/runner/work/batteries/batteries/.lake/packages/MD4Lean:/home/runner/work/batteries/batteries/.lake/packages/MD4Lean:/home/runner/work/batteries/batteries/.lake/packages/BibtexQuery:/home/runner/work/batteries/batteries/.lake/packages/UnicodeBasic:/home/runner/work/batteries/batteries/.lake/packages/Cli:/home/runner/work/batteries/batteries/.lake/packages/Cli:/home/runner/work/batteries/batteries/.lake/packages/leansqlite:/home/runner/work/batteries/batteries/.lake/packages/doc-gen4:/home/runner/work/batteries/batteries:/home/runner/work/batteries/batteries:/home/runner/.elan/toolchains/leanprover--lean4---v4.35.0-rc3/src/lean/lake LEAN_GITHASH=470d5ce1400764999581fd26d5d72b00d990b0f4 PATH LD_LIBRARY_PATH=/home/runner/.elan/toolchains/leanprover--lean4---v4.35.0-rc3/lib/lean:/home/runner/.elan/toolchains/leanprover--lean4---v4.35.0-rc3/lib:/home/runner/work/batteries/batteries/docs/lib:/home/runner/work/batteries/batteries/.lake/build/lib:/home/runner/work/batteries/batteries/.lake/packages/doc-gen4/.lake/build/lib:/home/runner/work/batteries/batteries/.lake/packages/leansqlite/.lake/build/lib:/home/runner/work/batteries/batteries/.lake/packages/Cli/.lake/build/lib:/home/runner/work/batteries/batteries/.lake/packages/UnicodeBasic/.lake/build/lib:/home/runner/work/batteries/batteries/.lake/packages/BibtexQuery/.lake/build/lib:/home/runner/work/batteries/batteries/.lake/packages/MD4Lean/.lake/build/lib /home/runner/work/batteries/batteries/.lake/packages/doc-gen4/.lake/build/bin/doc-gen4 single --build /home/runner/work/batteries/batteries/docs Batteries.Data.Fin.Coding api-docs.db https://github.com/leanprover-community/batteries/blob/914928598160c128affd7a42640b4237b7e4d912/Batteries/Data/Fin/Coding.lean",
   "level": "trace"}],
 "inputs":
 [["<nil>", "ef3fd271dee087de"],
  ["<collection>",
   [["/home/runner/work/batteries/batteries/docs/doc-data/Batteries.Data.Char.doc",
     "bb268bb9cd340012"],
    ["/home/runner/work/batteries/batteries/docs/doc-data/Batteries.Data.Fin.Lemmas.doc",
     "21bd6aab946711a3"],
    ["/home/runner/work/batteries/batteries/docs/doc-data/Batteries.Tactic.Basic.doc",
     "f08eb044845245b8"],
    ["/home/runner/work/batteries/batteries/docs/doc-data/Batteries.Tactic.Trans.doc",
     "07a833c19db72e3a"],
    ["/home/runner/work/batteries/batteries/docs/doc-data/Batteries.Tactic.Lint.doc",
     "6770134ff08001c8"]]],
  ["/home/runner/work/batteries/batteries/docs/doc-data/references.json",
   "16fb262bc340d332"],
  ["/home/runner/work/batteries/batteries/.lake/packages/doc-gen4/.lake/build/bin/doc-gen4",
   "fb1c3ed2509ac881"],
  ["Batteries.Data.Fin.Coding", "10bc34f609bee561"]],
 "depHash": "49eb629620dc7ac4"}