{"synthetic": false,
 "schemaVersion": "2025-09-10",
 "outputs": null,
 "log":
 [{"message":
   ".> ELAN=elan ELAN_HOME=/home/runner/.elan ELAN_TOOLCHAIN=leanprover/lean4:v4.35.0-rc4 LAKE=/home/runner/.elan/toolchains/leanprover--lean4---v4.35.0-rc4/bin/lake LAKE_HOME=/home/runner/.elan/toolchains/leanprover--lean4---v4.35.0-rc4 LAKE_CONFIG=/home/runner/.lake/config.toml LAKE_PKG_URL_MAP={} LAKE_NO_CACHE=false LAKE_CACHE_KEY= LAKE_CACHE_ARTIFACT_ENDPOINT= LAKE_CACHE_REVISION_ENDPOINT= LAKE_CACHE_SERVICE= LEAN=/home/runner/.elan/toolchains/leanprover--lean4---v4.35.0-rc4/bin/lean LEAN_SYSROOT=/home/runner/.elan/toolchains/leanprover--lean4---v4.35.0-rc4 LEAN_AR=/home/runner/.elan/toolchains/leanprover--lean4---v4.35.0-rc4/bin/llvm-ar LEAN_CC= LAKE_CACHE_DIR=/home/runner/.elan/toolchains/leanprover--lean4---v4.35.0-rc4/lake/cache LAKE_ARTIFACT_CACHE= LAKE_RESTORE_ARTIFACTS= LEAN_PATH=/home/runner/work/batteries/batteries/.lake/packages/MD4Lean/.lake/build/lib/lean:/home/runner/work/batteries/batteries/.lake/packages/BibtexQuery/.lake/build/lib/lean:/home/runner/work/batteries/batteries/.lake/packages/UnicodeBasic/.lake/build/lib/lean:/home/runner/work/batteries/batteries/.lake/packages/Cli/.lake/build/lib/lean:/home/runner/work/batteries/batteries/.lake/packages/leansqlite/.lake/build/lib/lean:/home/runner/work/batteries/batteries/.lake/packages/doc-gen4/.lake/build/lib/lean:/home/runner/work/batteries/batteries/.lake/build/lib/lean:/home/runner/work/batteries/batteries/docs/lib/lean:/home/runner/.elan/toolchains/leanprover--lean4---v4.35.0-rc4/lib/lean LEAN_SRC_PATH=/home/runner/work/batteries/batteries/.lake/packages/MD4Lean:/home/runner/work/batteries/batteries/.lake/packages/MD4Lean:/home/runner/work/batteries/batteries/.lake/packages/BibtexQuery:/home/runner/work/batteries/batteries/.lake/packages/UnicodeBasic:/home/runner/work/batteries/batteries/.lake/packages/Cli:/home/runner/work/batteries/batteries/.lake/packages/Cli:/home/runner/work/batteries/batteries/.lake/packages/leansqlite:/home/runner/work/batteries/batteries/.lake/packages/doc-gen4:/home/runner/work/batteries/batteries:/home/runner/work/batteries/batteries:/home/runner/.elan/toolchains/leanprover--lean4---v4.35.0-rc4/src/lean/lake LEAN_GITHASH=c29b6dda4f7c20e3eeaa717c4e565663c5cfa364 PATH LD_LIBRARY_PATH=/home/runner/.elan/toolchains/leanprover--lean4---v4.35.0-rc4/lib/lean:/home/runner/.elan/toolchains/leanprover--lean4---v4.35.0-rc4/lib:/home/runner/work/batteries/batteries/docs/lib:/home/runner/work/batteries/batteries/.lake/build/lib:/home/runner/work/batteries/batteries/.lake/packages/doc-gen4/.lake/build/lib:/home/runner/work/batteries/batteries/.lake/packages/leansqlite/.lake/build/lib:/home/runner/work/batteries/batteries/.lake/packages/Cli/.lake/build/lib:/home/runner/work/batteries/batteries/.lake/packages/UnicodeBasic/.lake/build/lib:/home/runner/work/batteries/batteries/.lake/packages/BibtexQuery/.lake/build/lib:/home/runner/work/batteries/batteries/.lake/packages/MD4Lean/.lake/build/lib /home/runner/work/batteries/batteries/.lake/packages/doc-gen4/.lake/build/bin/doc-gen4 single --build /home/runner/work/batteries/batteries/docs Batteries.Data.List api-docs.db https://github.com/leanprover-community/batteries/blob/3a067208130fab4154e6a4dd29efd07e3a9466bd/Batteries/Data/List.lean",
   "level": "trace"}],
 "inputs":
 [["<nil>", "f9aa0a60d060a9a7"],
  ["<collection>",
   [["/home/runner/work/batteries/batteries/docs/doc-data/Batteries.Data.List.ArrayMap.doc",
     "b1836e621ff1ef62"],
    ["/home/runner/work/batteries/batteries/docs/doc-data/Batteries.Data.List.Basic.doc",
     "f8724071da5379b2"],
    ["/home/runner/work/batteries/batteries/docs/doc-data/Batteries.Data.List.Count.doc",
     "2f5f0238c4020e54"],
    ["/home/runner/work/batteries/batteries/docs/doc-data/Batteries.Data.List.Init.Lemmas.doc",
     "d0f83f8b14e0fc10"],
    ["/home/runner/work/batteries/batteries/docs/doc-data/Batteries.Data.List.Interleave.doc",
     "9730c16da8c9b3a8"],
    ["/home/runner/work/batteries/batteries/docs/doc-data/Batteries.Data.List.Lemmas.doc",
     "712906417b53d89d"],
    ["/home/runner/work/batteries/batteries/docs/doc-data/Batteries.Data.List.Matcher.doc",
     "822d3ee2010ecaa8"],
    ["/home/runner/work/batteries/batteries/docs/doc-data/Batteries.Data.List.Monadic.doc",
     "2c2a03d90e058634"],
    ["/home/runner/work/batteries/batteries/docs/doc-data/Batteries.Data.List.Pairwise.doc",
     "4b3d6bb890ac1396"],
    ["/home/runner/work/batteries/batteries/docs/doc-data/Batteries.Data.List.Perm.doc",
     "daa74938c47bfcb0"],
    ["/home/runner/work/batteries/batteries/docs/doc-data/Batteries.Data.List.Scan.doc",
     "d94a793b82877649"]]],
  ["/home/runner/work/batteries/batteries/docs/doc-data/references.json",
   "16fb262bc340d332"],
  ["/home/runner/work/batteries/batteries/.lake/packages/doc-gen4/.lake/build/bin/doc-gen4",
   "db15618e9d43a2a1"],
  ["Batteries.Data.List", "b56963377d471de2"]],
 "depHash": "6f41efde03afe484"}