{"synthetic": false,
 "schemaVersion": "2025-09-10",
 "outputs": null,
 "log":
 [{"message":
   ".> ELAN=elan ELAN_HOME=/home/runner/.elan ELAN_TOOLCHAIN=leanprover/lean4:v4.35.0-rc3 LAKE=/home/runner/.elan/toolchains/leanprover--lean4---v4.35.0-rc3/bin/lake LAKE_HOME=/home/runner/.elan/toolchains/leanprover--lean4---v4.35.0-rc3 LAKE_CONFIG=/home/runner/.lake/config.toml LAKE_PKG_URL_MAP={} LAKE_NO_CACHE=false LAKE_CACHE_KEY= LAKE_CACHE_ARTIFACT_ENDPOINT= LAKE_CACHE_REVISION_ENDPOINT= LAKE_CACHE_SERVICE= LEAN=/home/runner/.elan/toolchains/leanprover--lean4---v4.35.0-rc3/bin/lean LEAN_SYSROOT=/home/runner/.elan/toolchains/leanprover--lean4---v4.35.0-rc3 LEAN_AR=/home/runner/.elan/toolchains/leanprover--lean4---v4.35.0-rc3/bin/llvm-ar LEAN_CC= LAKE_CACHE_DIR=/home/runner/.elan/toolchains/leanprover--lean4---v4.35.0-rc3/lake/cache LAKE_ARTIFACT_CACHE= LAKE_RESTORE_ARTIFACTS= LEAN_PATH=/home/runner/work/batteries/batteries/.lake/packages/MD4Lean/.lake/build/lib/lean:/home/runner/work/batteries/batteries/.lake/packages/BibtexQuery/.lake/build/lib/lean:/home/runner/work/batteries/batteries/.lake/packages/UnicodeBasic/.lake/build/lib/lean:/home/runner/work/batteries/batteries/.lake/packages/Cli/.lake/build/lib/lean:/home/runner/work/batteries/batteries/.lake/packages/leansqlite/.lake/build/lib/lean:/home/runner/work/batteries/batteries/.lake/packages/doc-gen4/.lake/build/lib/lean:/home/runner/work/batteries/batteries/.lake/build/lib/lean:/home/runner/work/batteries/batteries/docs/lib/lean:/home/runner/.elan/toolchains/leanprover--lean4---v4.35.0-rc3/lib/lean LEAN_SRC_PATH=/home/runner/work/batteries/batteries/.lake/packages/MD4Lean:/home/runner/work/batteries/batteries/.lake/packages/MD4Lean:/home/runner/work/batteries/batteries/.lake/packages/BibtexQuery:/home/runner/work/batteries/batteries/.lake/packages/UnicodeBasic:/home/runner/work/batteries/batteries/.lake/packages/Cli:/home/runner/work/batteries/batteries/.lake/packages/Cli:/home/runner/work/batteries/batteries/.lake/packages/leansqlite:/home/runner/work/batteries/batteries/.lake/packages/doc-gen4:/home/runner/work/batteries/batteries:/home/runner/work/batteries/batteries:/home/runner/.elan/toolchains/leanprover--lean4---v4.35.0-rc3/src/lean/lake LEAN_GITHASH=470d5ce1400764999581fd26d5d72b00d990b0f4 PATH LD_LIBRARY_PATH=/home/runner/.elan/toolchains/leanprover--lean4---v4.35.0-rc3/lib/lean:/home/runner/.elan/toolchains/leanprover--lean4---v4.35.0-rc3/lib:/home/runner/work/batteries/batteries/docs/lib:/home/runner/work/batteries/batteries/.lake/build/lib:/home/runner/work/batteries/batteries/.lake/packages/doc-gen4/.lake/build/lib:/home/runner/work/batteries/batteries/.lake/packages/leansqlite/.lake/build/lib:/home/runner/work/batteries/batteries/.lake/packages/Cli/.lake/build/lib:/home/runner/work/batteries/batteries/.lake/packages/UnicodeBasic/.lake/build/lib:/home/runner/work/batteries/batteries/.lake/packages/BibtexQuery/.lake/build/lib:/home/runner/work/batteries/batteries/.lake/packages/MD4Lean/.lake/build/lib /home/runner/work/batteries/batteries/.lake/packages/doc-gen4/.lake/build/bin/doc-gen4 single --build /home/runner/work/batteries/batteries/docs Batteries api-docs.db https://github.com/leanprover-community/batteries/blob/914928598160c128affd7a42640b4237b7e4d912/Batteries.lean",
   "level": "trace"}],
 "inputs":
 [["<nil>", "ef3fd271dee087de"],
  ["<collection>",
   [["/home/runner/work/batteries/batteries/docs/doc-data/Batteries.Classes.Cast.doc",
     "dbfd33bf3edea89a"],
    ["/home/runner/work/batteries/batteries/docs/doc-data/Batteries.Classes.Order.doc",
     "18e660e27bf903f9"],
    ["/home/runner/work/batteries/batteries/docs/doc-data/Batteries.Classes.RatCast.doc",
     "d69ebb4a9e9ab288"],
    ["/home/runner/work/batteries/batteries/docs/doc-data/Batteries.Classes.SatisfiesM.doc",
     "a39b07ce04cb79b4"],
    ["/home/runner/work/batteries/batteries/docs/doc-data/Batteries.CodeAction.doc",
     "36a989e14e0843fd"],
    ["/home/runner/work/batteries/batteries/docs/doc-data/Batteries.CodeAction.Attr.doc",
     "0b80846d4ff9e694"],
    ["/home/runner/work/batteries/batteries/docs/doc-data/Batteries.CodeAction.Basic.doc",
     "f14f8d040ba73666"],
    ["/home/runner/work/batteries/batteries/docs/doc-data/Batteries.CodeAction.Deprecated.doc",
     "17f8f33201ffe350"],
    ["/home/runner/work/batteries/batteries/docs/doc-data/Batteries.CodeAction.Match.doc",
     "a1f8320688835896"],
    ["/home/runner/work/batteries/batteries/docs/doc-data/Batteries.CodeAction.Misc.doc",
     "5ff7857278cef1eb"],
    ["/home/runner/work/batteries/batteries/docs/doc-data/Batteries.Control.AlternativeMonad.doc",
     "7db94c8798ed9b36"],
    ["/home/runner/work/batteries/batteries/docs/doc-data/Batteries.Control.ForInStep.doc",
     "05414ee230646a8b"],
    ["/home/runner/work/batteries/batteries/docs/doc-data/Batteries.Control.ForInStep.Basic.doc",
     "e2bee74f899eb90a"],
    ["/home/runner/work/batteries/batteries/docs/doc-data/Batteries.Control.ForInStep.Lemmas.doc",
     "9ae5cc6ec7591c35"],
    ["/home/runner/work/batteries/batteries/docs/doc-data/Batteries.Control.LawfulMonadState.doc",
     "8c30d8706b6e1d30"],
    ["/home/runner/work/batteries/batteries/docs/doc-data/Batteries.Control.Lemmas.doc",
     "2beea6ae7a058593"],
    ["/home/runner/work/batteries/batteries/docs/doc-data/Batteries.Control.Nondet.Basic.doc",
     "220dcf6274627fd2"],
    ["/home/runner/work/batteries/batteries/docs/doc-data/Batteries.Control.OptionT.doc",
     "69d260b7de775b71"],
    ["/home/runner/work/batteries/batteries/docs/doc-data/Batteries.Data.Array.doc",
     "e3d2cc2bd7b01934"],
    ["/home/runner/work/batteries/batteries/docs/doc-data/Batteries.Data.AssocList.doc",
     "3f1c475cebd08fbb"],
    ["/home/runner/work/batteries/batteries/docs/doc-data/Batteries.Data.BinaryHeap.doc",
     "a51784ad910cdffa"],
    ["/home/runner/work/batteries/batteries/docs/doc-data/Batteries.Data.BinomialHeap.doc",
     "d135d85daeb73470"],
    ["/home/runner/work/batteries/batteries/docs/doc-data/Batteries.Data.BitVec.doc",
     "a986708559dc4894"],
    ["/home/runner/work/batteries/batteries/docs/doc-data/Batteries.Data.Bool.doc",
     "380512f79c80b361"],
    ["/home/runner/work/batteries/batteries/docs/doc-data/Batteries.Data.ByteArray.doc",
     "b9f506fc203b8e59"],
    ["/home/runner/work/batteries/batteries/docs/doc-data/Batteries.Data.ByteSlice.doc",
     "25fcb4948259f2fb"],
    ["/home/runner/work/batteries/batteries/docs/doc-data/Batteries.Data.Char.doc",
     "bb268bb9cd340012"],
    ["/home/runner/work/batteries/batteries/docs/doc-data/Batteries.Data.DList.doc",
     "bc589beed4f2a460"],
    ["/home/runner/work/batteries/batteries/docs/doc-data/Batteries.Data.Except.doc",
     "c37a99b7f3cfa165"],
    ["/home/runner/work/batteries/batteries/docs/doc-data/Batteries.Data.Fin.doc",
     "791ed90255d15a39"],
    ["/home/runner/work/batteries/batteries/docs/doc-data/Batteries.Data.Float.doc",
     "1d5550ba33340149"],
    ["/home/runner/work/batteries/batteries/docs/doc-data/Batteries.Data.FloatArray.doc",
     "894891bace2e1087"],
    ["/home/runner/work/batteries/batteries/docs/doc-data/Batteries.Data.HashMap.doc",
     "8b459453131427b5"],
    ["/home/runner/work/batteries/batteries/docs/doc-data/Batteries.Data.Int.doc",
     "bedf2afb68df76c6"],
    ["/home/runner/work/batteries/batteries/docs/doc-data/Batteries.Data.List.doc",
     "7b8855099283e814"],
    ["/home/runner/work/batteries/batteries/docs/doc-data/Batteries.Data.MLList.doc",
     "7d805073132b0eae"],
    ["/home/runner/work/batteries/batteries/docs/doc-data/Batteries.Data.NameSet.doc",
     "a5216e83d6a997ed"],
    ["/home/runner/work/batteries/batteries/docs/doc-data/Batteries.Data.Nat.doc",
     "757a3a4ec0a54b9b"],
    ["/home/runner/work/batteries/batteries/docs/doc-data/Batteries.Data.PairingHeap.doc",
     "f03c2cbe7817807b"],
    ["/home/runner/work/batteries/batteries/docs/doc-data/Batteries.Data.RBMap.doc",
     "44ff24a7f31a30d6"],
    ["/home/runner/work/batteries/batteries/docs/doc-data/Batteries.Data.Random.doc",
     "adbb83fcaf9b86a3"],
    ["/home/runner/work/batteries/batteries/docs/doc-data/Batteries.Data.Range.doc",
     "c2157f87dbaee8e6"],
    ["/home/runner/work/batteries/batteries/docs/doc-data/Batteries.Data.Rat.doc",
     "b1f2c92b5db2feed"],
    ["/home/runner/work/batteries/batteries/docs/doc-data/Batteries.Data.RunningStats.doc",
     "8fb3c869a6e77617"],
    ["/home/runner/work/batteries/batteries/docs/doc-data/Batteries.Data.Stream.doc",
     "6b8a7091f4d69ccb"],
    ["/home/runner/work/batteries/batteries/docs/doc-data/Batteries.Data.String.doc",
     "cb72ce1fcce8095c"],
    ["/home/runner/work/batteries/batteries/docs/doc-data/Batteries.Data.UInt.doc",
     "a4d61821c1e2145a"],
    ["/home/runner/work/batteries/batteries/docs/doc-data/Batteries.Data.UnionFind.doc",
     "7296e85a93513fbd"],
    ["/home/runner/work/batteries/batteries/docs/doc-data/Batteries.Data.Vector.doc",
     "9ef3a52707dbd489"],
    ["/home/runner/work/batteries/batteries/docs/doc-data/Batteries.Lean.AttributeExtra.doc",
     "ae65d5df53b619b7"],
    ["/home/runner/work/batteries/batteries/docs/doc-data/Batteries.Lean.EStateM.doc",
     "f7a964a83a36d624"],
    ["/home/runner/work/batteries/batteries/docs/doc-data/Batteries.Lean.Except.doc",
     "22095fc74ea2c668"],
    ["/home/runner/work/batteries/batteries/docs/doc-data/Batteries.Lean.Expr.doc",
     "341ba35f4752133a"],
    ["/home/runner/work/batteries/batteries/docs/doc-data/Batteries.Lean.Float.doc",
     "36bb8dd384ea43fe"],
    ["/home/runner/work/batteries/batteries/docs/doc-data/Batteries.Lean.HashMap.doc",
     "d30f46ff016613f4"],
    ["/home/runner/work/batteries/batteries/docs/doc-data/Batteries.Lean.HashSet.doc",
     "79c636fc388bc995"],
    ["/home/runner/work/batteries/batteries/docs/doc-data/Batteries.Lean.IO.Process.doc",
     "8a4f8d40b8d0a647"],
    ["/home/runner/work/batteries/batteries/docs/doc-data/Batteries.Lean.Json.doc",
     "3bc35fedb6088814"],
    ["/home/runner/work/batteries/batteries/docs/doc-data/Batteries.Lean.LawfulMonad.doc",
     "58057bd9034c4801"],
    ["/home/runner/work/batteries/batteries/docs/doc-data/Batteries.Lean.LawfulMonadLift.doc",
     "018d600b5e735ea0"],
    ["/home/runner/work/batteries/batteries/docs/doc-data/Batteries.Lean.Meta.Basic.doc",
     "a02a4fde23f09637"],
    ["/home/runner/work/batteries/batteries/docs/doc-data/Batteries.Lean.Meta.DiscrTree.doc",
     "5484457e34a3a744"],
    ["/home/runner/work/batteries/batteries/docs/doc-data/Batteries.Lean.Meta.Expr.doc",
     "dd80af6e6d1a272d"],
    ["/home/runner/work/batteries/batteries/docs/doc-data/Batteries.Lean.Meta.Inaccessible.doc",
     "c9ad98f466e32dc0"],
    ["/home/runner/work/batteries/batteries/docs/doc-data/Batteries.Lean.Meta.InstantiateMVars.doc",
     "7c0bc1c272ef2a58"],
    ["/home/runner/work/batteries/batteries/docs/doc-data/Batteries.Lean.Meta.SavedState.doc",
     "df20f8dfa0c89db9"],
    ["/home/runner/work/batteries/batteries/docs/doc-data/Batteries.Lean.Meta.Simp.doc",
     "0576e9c6b58637be"],
    ["/home/runner/work/batteries/batteries/docs/doc-data/Batteries.Lean.Meta.UnusedNames.doc",
     "bacbe9801e0d497b"],
    ["/home/runner/work/batteries/batteries/docs/doc-data/Batteries.Lean.MonadBacktrack.doc",
     "e1d8f70b6a9a28a6"],
    ["/home/runner/work/batteries/batteries/docs/doc-data/Batteries.Lean.NameMapAttribute.doc",
     "3e31a1501bc00e64"],
    ["/home/runner/work/batteries/batteries/docs/doc-data/Batteries.Lean.PersistentHashMap.doc",
     "2d9a61180d023138"],
    ["/home/runner/work/batteries/batteries/docs/doc-data/Batteries.Lean.PersistentHashSet.doc",
     "e654ee12f51106f6"],
    ["/home/runner/work/batteries/batteries/docs/doc-data/Batteries.Lean.Position.doc",
     "cadc4a32bbe12eaa"],
    ["/home/runner/work/batteries/batteries/docs/doc-data/Batteries.Lean.SatisfiesM.doc",
     "09d2c08582626853"],
    ["/home/runner/work/batteries/batteries/docs/doc-data/Batteries.Lean.Syntax.doc",
     "96e76ad1e7212150"],
    ["/home/runner/work/batteries/batteries/docs/doc-data/Batteries.Lean.System.IO.doc",
     "96aa9633bfdb917d"],
    ["/home/runner/work/batteries/batteries/docs/doc-data/Batteries.Lean.TagAttribute.doc",
     "10ed08fba76e3640"],
    ["/home/runner/work/batteries/batteries/docs/doc-data/Batteries.Lean.Util.EnvSearch.doc",
     "c3ac423db68c43e1"],
    ["/home/runner/work/batteries/batteries/docs/doc-data/Batteries.Linter.doc",
     "0cef6fc6d1a7e52b"],
    ["/home/runner/work/batteries/batteries/docs/doc-data/Batteries.Linter.UnnecessarySeqFocus.doc",
     "0543816ccb2e7d6f"],
    ["/home/runner/work/batteries/batteries/docs/doc-data/Batteries.Linter.UnreachableTactic.doc",
     "1421577abce72a41"],
    ["/home/runner/work/batteries/batteries/docs/doc-data/Batteries.Logic.doc",
     "f9915bdaca6d6312"],
    ["/home/runner/work/batteries/batteries/docs/doc-data/Batteries.Recycling.MonadSatisfying.doc",
     "f82501b831177adf"],
    ["/home/runner/work/batteries/batteries/docs/doc-data/Batteries.Recycling.MonadSatisfying.Array.doc",
     "920b800c2045a389"],
    ["/home/runner/work/batteries/batteries/docs/doc-data/Batteries.Recycling.MonadSatisfying.Basic.doc",
     "7b640c4860c6ed79"],
    ["/home/runner/work/batteries/batteries/docs/doc-data/Batteries.Recycling.MonadSatisfying.Lean.doc",
     "4bd831ef3dfcd8ce"],
    ["/home/runner/work/batteries/batteries/docs/doc-data/Batteries.Recycling.MonadSatisfying.List.doc",
     "4eb14ece4017c821"],
    ["/home/runner/work/batteries/batteries/docs/doc-data/Batteries.Recycling.MonadSatisfying.Vector.doc",
     "3fbe9e2f4ea1528a"],
    ["/home/runner/work/batteries/batteries/docs/doc-data/Batteries.Recycling.RBTree.doc",
     "70d96d007b8ebda8"],
    ["/home/runner/work/batteries/batteries/docs/doc-data/Batteries.Recycling.RBTree.Alter.doc",
     "9b42af1d5f9d1270"],
    ["/home/runner/work/batteries/batteries/docs/doc-data/Batteries.Recycling.RBTree.Basic.doc",
     "e95ab36aa1bdcae8"],
    ["/home/runner/work/batteries/batteries/docs/doc-data/Batteries.Recycling.RBTree.Depth.doc",
     "981d0be791ecebe8"],
    ["/home/runner/work/batteries/batteries/docs/doc-data/Batteries.Recycling.RBTree.Lemmas.doc",
     "06ea8800de933f44"],
    ["/home/runner/work/batteries/batteries/docs/doc-data/Batteries.Recycling.RBTree.WF.doc",
     "560fcdbbca727766"],
    ["/home/runner/work/batteries/batteries/docs/doc-data/Batteries.Tactic.Alias.doc",
     "fb9a962b6f30ee9b"],
    ["/home/runner/work/batteries/batteries/docs/doc-data/Batteries.Tactic.Basic.doc",
     "f08eb044845245b8"],
    ["/home/runner/work/batteries/batteries/docs/doc-data/Batteries.Tactic.Case.doc",
     "02d4b71f3a4c9b8e"],
    ["/home/runner/work/batteries/batteries/docs/doc-data/Batteries.Tactic.Congr.doc",
     "07f87993bd3032dc"],
    ["/home/runner/work/batteries/batteries/docs/doc-data/Batteries.Tactic.Exact.doc",
     "d54ca6ca02063cfb"],
    ["/home/runner/work/batteries/batteries/docs/doc-data/Batteries.Tactic.GeneralizeProofs.doc",
     "fec66004c8c307d9"],
    ["/home/runner/work/batteries/batteries/docs/doc-data/Batteries.Tactic.HelpCmd.doc",
     "6bbf3af747a8b14f"],
    ["/home/runner/work/batteries/batteries/docs/doc-data/Batteries.Tactic.Init.doc",
     "adca547df8452e35"],
    ["/home/runner/work/batteries/batteries/docs/doc-data/Batteries.Tactic.Instances.doc",
     "5ca7f51a0b74be08"],
    ["/home/runner/work/batteries/batteries/docs/doc-data/Batteries.Tactic.Lemma.doc",
     "9cc01de118f180ad"],
    ["/home/runner/work/batteries/batteries/docs/doc-data/Batteries.Tactic.Lint.doc",
     "6770134ff08001c8"],
    ["/home/runner/work/batteries/batteries/docs/doc-data/Batteries.Tactic.Lint.Basic.doc",
     "8c517e399a038fe5"],
    ["/home/runner/work/batteries/batteries/docs/doc-data/Batteries.Tactic.Lint.Frontend.doc",
     "11bf7a033df2a714"],
    ["/home/runner/work/batteries/batteries/docs/doc-data/Batteries.Tactic.Lint.Misc.doc",
     "ba80ce26df45d7cb"],
    ["/home/runner/work/batteries/batteries/docs/doc-data/Batteries.Tactic.Lint.Simp.doc",
     "7a1168481f71d0ec"],
    ["/home/runner/work/batteries/batteries/docs/doc-data/Batteries.Tactic.Lint.TypeClass.doc",
     "41eae750394ea0cd"],
    ["/home/runner/work/batteries/batteries/docs/doc-data/Batteries.Tactic.NoMatch.doc",
     "bb0e1a35699b9aae"],
    ["/home/runner/work/batteries/batteries/docs/doc-data/Batteries.Tactic.OpenPrivate.doc",
     "733c07592ebf499a"],
    ["/home/runner/work/batteries/batteries/docs/doc-data/Batteries.Tactic.PermuteGoals.doc",
     "ad6f382304e8313c"],
    ["/home/runner/work/batteries/batteries/docs/doc-data/Batteries.Tactic.PrintDependents.doc",
     "ba10f05dafbabde9"],
    ["/home/runner/work/batteries/batteries/docs/doc-data/Batteries.Tactic.PrintOpaques.doc",
     "edc6c9e72167a3a8"],
    ["/home/runner/work/batteries/batteries/docs/doc-data/Batteries.Tactic.PrintPrefix.doc",
     "48f835c5082254bf"],
    ["/home/runner/work/batteries/batteries/docs/doc-data/Batteries.Tactic.SeqFocus.doc",
     "d29d267c321e85b4"],
    ["/home/runner/work/batteries/batteries/docs/doc-data/Batteries.Tactic.ShowUnused.doc",
     "6adb4792872fbe86"],
    ["/home/runner/work/batteries/batteries/docs/doc-data/Batteries.Tactic.SqueezeScope.doc",
     "be880b2ec3e6d62f"],
    ["/home/runner/work/batteries/batteries/docs/doc-data/Batteries.Tactic.Trans.doc",
     "07a833c19db72e3a"],
    ["/home/runner/work/batteries/batteries/docs/doc-data/Batteries.Tactic.Unreachable.doc",
     "cc7f927ff0021046"],
    ["/home/runner/work/batteries/batteries/docs/doc-data/Batteries.Util.Cache.doc",
     "1b19d2f06a706d2e"],
    ["/home/runner/work/batteries/batteries/docs/doc-data/Batteries.Util.ExtendedBinder.doc",
     "97185e400f7a7e9e"],
    ["/home/runner/work/batteries/batteries/docs/doc-data/Batteries.Util.LibraryNote.doc",
     "909a466e3434cd84"],
    ["/home/runner/work/batteries/batteries/docs/doc-data/Batteries.Util.Panic.doc",
     "89a505f4023cc7d0"],
    ["/home/runner/work/batteries/batteries/docs/doc-data/Batteries.Util.Pickle.doc",
     "36cc3d87341075e5"],
    ["/home/runner/work/batteries/batteries/docs/doc-data/Batteries.Util.ProofWanted.doc",
     "8280b7ce4af0c1bc"]]],
  ["/home/runner/work/batteries/batteries/docs/doc-data/references.json",
   "16fb262bc340d332"],
  ["/home/runner/work/batteries/batteries/.lake/packages/doc-gen4/.lake/build/bin/doc-gen4",
   "fb1c3ed2509ac881"],
  ["Batteries", "966b1df654a613f8"]],
 "depHash": "63d0609555523c9b"}